<div style="font-size:12pt;font-family:Verdana;">
    <p style="margin:0;">
        <span style="font-family:Verdana;"> 
        </span>Verdana;
    </p>
 </div>